Script started on Wed Jul  8 00:44:11 2020

The default interactive shell is now zsh.
To update your account to use zsh, please run `chsh -s /bin/zsh`.
For more details, please visit https://support.apple.com/kb/HT208050.
[?1034hbash-3.2$ ls
git_activities
bash-3.2$ mdk[Kd[K[K[Kpwd
/Users/matthew/Desktop/ALPHA/japigit
bash-3.2$ ge[Kit init
Reinitialized existing Git repository in /Users/matthew/Desktop/ALPHA/japigit/.git/
bash-3.2$ git init[5Ppwd[1Plsifconfigsudo mysqld_safe â€”skip-grant-tables[C[C[C[C[C[C[C[C[C[C[C[C[C[C[C[C[C[C[C[C[14P -u root -p[C[C[C[C[C[C[C[C[C[C[5P[C[C[C[C[C[C[C[C[C[C[C[C[C[C[C[C[C[C[C[C[C[C[C[C[C[C[5@sudo [C[C[C[C[C[C[C[C[C[C[C[C[C[C[C[C[C[C[C[C[C[C[C[C[C[C[5P[C[C[C[C[C[C[C[C[C[C[C[C[C[C[C[C[C[C[C[C[C[C[C[C[C[C[5@sudo [C[C[C[C[C[C[C[C[C[C[C[C[C[C[C[Cd_safe â€”skip-grant-tables[C[C[C[C[C[C[C[C[C[Cifconfig[Kls[Kpwdgit init[Kgit config --global user.name M[K"Matthew C"[1P"C"l"e"m"e"n"t"s"
bash-3.2$ git config --global user.email mccl[K[Klement[K[Kn3[K4[K[K[Kn4[K[K3[Ken4@asu.edu
bash-3.2$ git add.[K .
bash-3.2$ git commit â€“am "update"
error: pathspec 'â€“am' did not match any file(s) known to git
error: pathspec 'update' did not match any file(s) known to git
bash-3.2$ git commit â€“am "update"[K[C[1Pupdate[C[C[C[C[C[C[K[K[K[K[K[K'udate'
error: pathspec 'â€“am' did not match any file(s) known to git
error: pathspec 'udate' did not match any file(s) known to git
bash-3.2$ git commit â€“am 'udate'[C[K"[C[C[C[C[C[C[C[C[C[C[Kgit commit -m "first commit!"
bash: !": event not found
bash-3.2$ git commit â€“am 'udate""update"[1P'udate"[C[C[C[C[C[C[C[C[C[C[Kgit commit -m "first commit!"[C[1P[1@"[C[C[C[C[C[C[C[C[C[C[C[C[C[C[K[K"
[master (root-commit) efedecf] first commit
 1 file changed, 14 insertions(+)
 create mode 100644 git_activities
bash-3.2$ 